12-12 Health http-handler: handler signature
    params: (w http.ResponseWriter?, r *http.Request?), results: ()
14-19 Server.CreateTask http-handler: handler signature, decodes JSON body
    decodes JSON
    params: (w http.ResponseWriter?, r *http.Request?), results: ()
21-23 Server.handleList http-handler: returns http.HandlerFunc
    params: (), results: (http.HandlerFunc?)
25-25 aliased http-handler: handler signature
    params: (w nethttp.ResponseWriter?, r *nethttp.Request?), results: ()
