11-16 ValidateEmail validation: name Validate*, returns error
    named validator
    params: (s string), results: (error?)
18-18 IsValidAge validation: name IsValid*, returns bool
    named validator
    params: (n int), results: (bool)
20-20 User.Validate validation: name Validate*, returns error
    named validator
    params: (), results: (error?)
22-22 checkName validation: name Check*, returns bool
    named validator
    params: (s string), results: (bool)
24-24 IsEmail validation: string param, returns bool
    params: (s string), results: (bool)
30-30 Checkout pure-func: basic params, no I/O
    params: (id int, qty int), results: (error?)
